Attempting: /usr/bin/rsh <host> '/bin/echo 951930302 > /tmp/snap.findme'

Good: bak
Good: bkl
Good: bsi
Good: bug
Good: bulky
Good: cowboy
Good: dia2x
Good: ewing
Good: fodder
Good: gap1
Good: gap2
Good: gdy
Good: gym
Good: hey
Good: mdb
Good: mmxf
Good: mmxw
Good: msl
Good: msl1
Good: msld
Good: mslpolar
Good: ncc
Good: nob
Good: nobm
Good: nova2
Good: osh
Good: ree
Good: six
Good: trp
Good: tsc
Good: twe
Good: uds3
Good: uds4
Good: war
Good: wiz
Good: wmi
/usr/bin/rsh <host> '/bin/cat /tmp/roger.dodger.snap'

